Archive member included to satisfy reference by file (symbol)

c:/program files (x86)/embitz/1.11/share/em_armgcc/bin/../lib/gcc/arm-none-eabi/5.4.1/armv6-m\libgcc.a(_udivsi3.o)
                              obj\debug\spl\src\stm32f0xx_rcc.o (__aeabi_uidiv)
c:/program files (x86)/embitz/1.11/share/em_armgcc/bin/../lib/gcc/arm-none-eabi/5.4.1/armv6-m\libgcc.a(_dvmd_tls.o)
                              c:/program files (x86)/embitz/1.11/share/em_armgcc/bin/../lib/gcc/arm-none-eabi/5.4.1/armv6-m\libgcc.a(_udivsi3.o) (__aeabi_idiv0)
c:/program files (x86)/embitz/1.11/share/em_armgcc/bin/../lib/gcc/arm-none-eabi/5.4.1/../../../../arm-none-eabi/lib/armv6-m\libg_n.a(lib_a-exit.o)
                              c:/program files (x86)/embitz/1.11/share/em_armgcc/bin/../lib/gcc/arm-none-eabi/5.4.1/../../../../arm-none-eabi/lib/armv6-m/crt0.o (exit)
c:/program files (x86)/embitz/1.11/share/em_armgcc/bin/../lib/gcc/arm-none-eabi/5.4.1/../../../../arm-none-eabi/lib/armv6-m\libg_n.a(lib_a-impure.o)
                              c:/program files (x86)/embitz/1.11/share/em_armgcc/bin/../lib/gcc/arm-none-eabi/5.4.1/../../../../arm-none-eabi/lib/armv6-m\libg_n.a(lib_a-exit.o) (_global_impure_ptr)
c:/program files (x86)/embitz/1.11/share/em_armgcc/bin/../lib/gcc/arm-none-eabi/5.4.1/../../../../arm-none-eabi/lib/armv6-m\libg_n.a(lib_a-init.o)
                              c:/program files (x86)/embitz/1.11/share/em_armgcc/bin/../lib/gcc/arm-none-eabi/5.4.1/../../../../arm-none-eabi/lib/armv6-m/crt0.o (__libc_init_array)
c:/program files (x86)/embitz/1.11/share/em_armgcc/bin/../lib/gcc/arm-none-eabi/5.4.1/../../../../arm-none-eabi/lib/armv6-m\libg_n.a(lib_a-memset.o)
                              c:/program files (x86)/embitz/1.11/share/em_armgcc/bin/../lib/gcc/arm-none-eabi/5.4.1/../../../../arm-none-eabi/lib/armv6-m/crt0.o (memset)
c:/program files (x86)/embitz/1.11/share/em_armgcc/bin/../lib/gcc/arm-none-eabi/5.4.1/../../../../arm-none-eabi/lib/armv6-m\libnosys_s.a(_exit.o)
                              c:/program files (x86)/embitz/1.11/share/em_armgcc/bin/../lib/gcc/arm-none-eabi/5.4.1/../../../../arm-none-eabi/lib/armv6-m\libg_n.a(lib_a-exit.o) (_exit)

Discarded input sections

 .text          0x00000000        0x0 c:/program files (x86)/embitz/1.11/share/em_armgcc/bin/../lib/gcc/arm-none-eabi/5.4.1/armv6-m/crti.o
 .data          0x00000000        0x0 c:/program files (x86)/embitz/1.11/share/em_armgcc/bin/../lib/gcc/arm-none-eabi/5.4.1/armv6-m/crti.o
 .bss           0x00000000        0x0 c:/program files (x86)/embitz/1.11/share/em_armgcc/bin/../lib/gcc/arm-none-eabi/5.4.1/armv6-m/crti.o
 .data          0x00000000        0x4 c:/program files (x86)/embitz/1.11/share/em_armgcc/bin/../lib/gcc/arm-none-eabi/5.4.1/armv6-m/crtbegin.o
 .data          0x00000000        0x0 c:/program files (x86)/embitz/1.11/share/em_armgcc/bin/../lib/gcc/arm-none-eabi/5.4.1/../../../../arm-none-eabi/lib/armv6-m/crt0.o
 .bss           0x00000000        0x0 c:/program files (x86)/embitz/1.11/share/em_armgcc/bin/../lib/gcc/arm-none-eabi/5.4.1/../../../../arm-none-eabi/lib/armv6-m/crt0.o
 .ARM.extab     0x00000000        0x0 c:/program files (x86)/embitz/1.11/share/em_armgcc/bin/../lib/gcc/arm-none-eabi/5.4.1/../../../../arm-none-eabi/lib/armv6-m/crt0.o
 .group         0x00000000        0x8 obj\debug\spl\src\stm32f0xx_adc.o
 .group         0x00000000        0x8 obj\debug\spl\src\stm32f0xx_adc.o
 .group         0x00000000        0x8 obj\debug\spl\src\stm32f0xx_adc.o
 .group         0x00000000        0x8 obj\debug\spl\src\stm32f0xx_adc.o
 .group         0x00000000        0x8 obj\debug\spl\src\stm32f0xx_adc.o
 .group         0x00000000        0x8 obj\debug\spl\src\stm32f0xx_adc.o
 .group         0x00000000        0x8 obj\debug\spl\src\stm32f0xx_adc.o
 .group         0x00000000        0x8 obj\debug\spl\src\stm32f0xx_adc.o
 .group         0x00000000        0x8 obj\debug\spl\src\stm32f0xx_adc.o
 .group         0x00000000        0x8 obj\debug\spl\src\stm32f0xx_adc.o
 .group         0x00000000        0x8 obj\debug\spl\src\stm32f0xx_adc.o
 .group         0x00000000        0x8 obj\debug\spl\src\stm32f0xx_adc.o
 .group         0x00000000        0x8 obj\debug\spl\src\stm32f0xx_adc.o
 .group         0x00000000        0x8 obj\debug\spl\src\stm32f0xx_adc.o
 .group         0x00000000        0x8 obj\debug\spl\src\stm32f0xx_adc.o
 .group         0x00000000        0x8 obj\debug\spl\src\stm32f0xx_adc.o
 .group         0x00000000        0x8 obj\debug\spl\src\stm32f0xx_adc.o
 .group         0x00000000        0x8 obj\debug\spl\src\stm32f0xx_adc.o
 .group         0x00000000        0x8 obj\debug\spl\src\stm32f0xx_adc.o
 .group         0x00000000        0x8 obj\debug\spl\src\stm32f0xx_adc.o
 .group         0x00000000        0x8 obj\debug\spl\src\stm32f0xx_adc.o
 .group         0x00000000        0x8 obj\debug\spl\src\stm32f0xx_adc.o
 .group         0x00000000        0x8 obj\debug\spl\src\stm32f0xx_adc.o
 .group         0x00000000        0x8 obj\debug\spl\src\stm32f0xx_adc.o
[...]
Memory Configuration

Name             Origin             Length             Attributes
ROM              0x08000000         0x00004000         xr
RAM              0x20000000         0x00001000         xrw
*default*        0x00000000         0xffffffff

Linker script and memory map

LOAD c:/program files (x86)/embitz/1.11/share/em_armgcc/bin/../lib/gcc/arm-none-eabi/5.4.1/armv6-m/crti.o
LOAD c:/program files (x86)/embitz/1.11/share/em_armgcc/bin/../lib/gcc/arm-none-eabi/5.4.1/armv6-m/crtbegin.o
LOAD c:/program files (x86)/embitz/1.11/share/em_armgcc/bin/../lib/gcc/arm-none-eabi/5.4.1/../../../../arm-none-eabi/lib/armv6-m/crt0.o
                0x00000000                __HEAP_SIZE = 0x0
                0x00000100                __STACK_SIZE = 0x100

.text           0x08000000      0xa80
 *(.isr_vector)
 .isr_vector    0x08000000       0xc4 obj\debug\src\startup_stm32f0xx.o
                0x08000000                __isr_vector
 *(.text*)
 .text          0x080000c4       0x60 c:/program files (x86)/embitz/1.11/share/em_armgcc/bin/../lib/gcc/arm-none-eabi/5.4.1/armv6-m/crtbegin.o
 .text          0x08000124       0x78 c:/program files (x86)/embitz/1.11/share/em_armgcc/bin/../lib/gcc/arm-none-eabi/5.4.1/../../../../arm-none-eabi/lib/armv6-m/crt0.o
                0x08000124                _start
                0x08000124                _mainCRTStartup
 .text.GPIO_Init
                0x0800019c      0x130 obj\debug\spl\src\stm32f0xx_gpio.o
                0x0800019c                GPIO_Init
 .text.GPIO_SetBits
                0x080002cc       0x20 obj\debug\spl\src\stm32f0xx_gpio.o
                0x080002cc                GPIO_SetBits
 .text.GPIO_ResetBits
                0x080002ec       0x20 obj\debug\spl\src\stm32f0xx_gpio.o
                0x080002ec                GPIO_ResetBits
 .text.GPIO_PinAFConfig
                0x0800030c       0xa4 obj\debug\spl\src\stm32f0xx_gpio.o
                0x0800030c                GPIO_PinAFConfig
 .text.RCC_AHBPeriphClockCmd
                0x080003b0       0x40 obj\debug\spl\src\stm32f0xx_rcc.o
                0x080003b0                RCC_AHBPeriphClockCmd
 .text.RCC_APB2PeriphClockCmd
                0x080003f0       0x40 obj\debug\spl\src\stm32f0xx_rcc.o
                0x080003f0                RCC_APB2PeriphClockCmd
 .text.SPI_Init
                0x08000430      0x108 obj\debug\spl\src\stm32f0xx_spi.o
                0x08000430                SPI_Init
 .text.SPI_Cmd  0x08000538       0x40 obj\debug\spl\src\stm32f0xx_spi.o
                0x08000538                SPI_Cmd
 .text.SPI_I2S_SendData16
                0x08000578       0x20 obj\debug\spl\src\stm32f0xx_spi.o
                0x08000578                SPI_I2S_SendData16
 .text.SPI_I2S_GetFlagStatus
                0x08000598       0x48 obj\debug\spl\src\stm32f0xx_spi.o
                0x08000598                SPI_I2S_GetFlagStatus
 .text.spi_init
                0x080005e0      0x110 obj\debug\src\main.o
                0x080005e0                spi_init
 .text.spi_send_byte
                0x080006f0       0x50 obj\debug\src\main.o
                0x080006f0                spi_send_byte
 .text.main     0x08000740       0x10 obj\debug\src\main.o
                0x08000740                main
 .text          0x08000750       0xa0 obj\debug\src\startup_stm32f0xx.o
                0x08000750                Reset_Handler
                0x0800079a                NMI_Handler
                0x0800079c                HardFault_Handler
                0x0800079e                SVC_Handler
                0x080007a0                PendSV_Handler
                0x080007a2                SysTick_Handler
                0x080007a4                Default_Handler
                0x080007a6                WWDG_IRQHandler
                0x080007a8                PVD_IRQHandler
                0x080007aa                RTC_IRQHandler
                0x080007ac                FLASH_IRQHandler
                0x080007ae                RCC_IRQHandler
                0x080007b0                EXTI0_1_IRQHandler
                0x080007b2                EXTI2_3_IRQHandler
                0x080007b4                EXTI4_15_IRQHandler
                0x080007b6                TS_IRQHandler
                0x080007b8                DMA1_Channel1_IRQHandler
                0x080007ba                DMA1_Channel2_3_IRQHandler
                0x080007bc                DMA1_Channel4_5_IRQHandler
                0x080007be                ADC1_COMP_IRQHandler
                0x080007c0                TIM1_BRK_UP_TRG_COM_IRQHandler
                0x080007c2                TIM1_CC_IRQHandler
                0x080007c4                TIM2_IRQHandler
                0x080007c6                TIM3_IRQHandler
                0x080007c8                TIM6_DAC_IRQHandler
                0x080007ca                TIM7_IRQHandler
                0x080007cc                TIM14_IRQHandler
                0x080007ce                TIM15_IRQHandler
                0x080007d0                TIM16_IRQHandler
                0x080007d2                TIM17_IRQHandler
                0x080007d4                I2C1_IRQHandler
                0x080007d6                I2C2_IRQHandler
                0x080007d8                SPI1_IRQHandler
                0x080007da                SPI2_IRQHandler
                0x080007dc                USART1_IRQHandler
                0x080007de                USART2_IRQHandler
                0x080007e0                USART3_4_IRQHandler
                0x080007e2                CEC_IRQHandler
                0x080007e4                USB_IRQHandler
                0x080007e6                BootRAM
 .text.SystemInit
                0x080007f0       0x8c obj\debug\src\system_stm32f0xx.o
                0x080007f0                SystemInit
 .text.SetSysClock
                0x0800087c      0x154 obj\debug\src\system_stm32f0xx.o
 .text.exit     0x080009d0       0x2c c:/program files (x86)/embitz/1.11/share/em_armgcc/bin/../lib/gcc/arm-none-eabi/5.4.1/../../../../arm-none-eabi/lib/armv6-m\libg_n.a(lib_a-exit.o)
                0x080009d0                exit
 .text.__libc_init_array
                0x080009fc       0x4c c:/program files (x86)/embitz/1.11/share/em_armgcc/bin/../lib/gcc/arm-none-eabi/5.4.1/../../../../arm-none-eabi/lib/armv6-m\libg_n.a(lib_a-init.o)
                0x080009fc                __libc_init_array
 .text.memset   0x08000a48       0x10 c:/program files (x86)/embitz/1.11/share/em_armgcc/bin/../lib/gcc/arm-none-eabi/5.4.1/../../../../arm-none-eabi/lib/armv6-m\libg_n.a(lib_a-memset.o)
                0x08000a48                memset
 .text._exit    0x08000a58        0x2 c:/program files (x86)/embitz/1.11/share/em_armgcc/bin/../lib/gcc/arm-none-eabi/5.4.1/../../../../arm-none-eabi/lib/armv6-m\libnosys_s.a(_exit.o)
                0x08000a58                _exit
 *(.init)
 *fill*         0x08000a5a        0x2 
 .init          0x08000a5c        0x4 c:/program files (x86)/embitz/1.11/share/em_armgcc/bin/../lib/gcc/arm-none-eabi/5.4.1/armv6-m/crti.o
                0x08000a5c                _init
 .init          0x08000a60        0x8 c:/program files (x86)/embitz/1.11/share/em_armgcc/bin/../lib/gcc/arm-none-eabi/5.4.1/armv6-m/crtn.o
 *(.fini)
 .fini          0x08000a68        0x4 c:/program files (x86)/embitz/1.11/share/em_armgcc/bin/../lib/gcc/arm-none-eabi/5.4.1/armv6-m/crti.o
                0x08000a68                _fini
 .fini          0x08000a6c        0x8 c:/program files (x86)/embitz/1.11/share/em_armgcc/bin/../lib/gcc/arm-none-eabi/5.4.1/armv6-m/crtn.o
 *crtbegin.o(.ctors)
 *crtbegin?.o(.ctors)
 *(EXCLUDE_FILE(*crtend.o *crtend?.o) .ctors)
 *(SORT(.ctors.*))
 *(.ctors)
 *crtbegin.o(.dtors)
 *crtbegin?.o(.dtors)
 *(EXCLUDE_FILE(*crtend.o *crtend?.o) .dtors)
 *(SORT(.dtors.*))
 *(.dtors)
 *(.rodata*)
 .rodata.str1.1
                0x08000a74        0x2 c:/program files (x86)/embitz/1.11/share/em_armgcc/bin/../lib/gcc/arm-none-eabi/5.4.1/../../../../arm-none-eabi/lib/armv6-m\libg_n.a(lib_a-impure.o)
 *fill*         0x08000a76        0x2 
 .rodata._global_impure_ptr
                0x08000a78        0x4 c:/program files (x86)/embitz/1.11/share/em_armgcc/bin/../lib/gcc/arm-none-eabi/5.4.1/../../../../arm-none-eabi/lib/armv6-m\libg_n.a(lib_a-impure.o)
                0x08000a78                _global_impure_ptr
 *(.eh_frame*)
 .eh_frame      0x08000a7c        0x0 c:/program files (x86)/embitz/1.11/share/em_armgcc/bin/../lib/gcc/arm-none-eabi/5.4.1/armv6-m/crtbegin.o
 .eh_frame      0x08000a7c        0x4 c:/program files (x86)/embitz/1.11/share/em_armgcc/bin/../lib/gcc/arm-none-eabi/5.4.1/armv6-m/crtend.o

.glue_7         0x08000a80        0x0
 .glue_7        0x08000a80        0x0 linker stubs

.glue_7t        0x08000a80        0x0
 .glue_7t       0x08000a80        0x0 linker stubs

.vfp11_veneer   0x08000a80        0x0
 .vfp11_veneer  0x08000a80        0x0 linker stubs

.v4_bx          0x08000a80        0x0
 .v4_bx         0x08000a80        0x0 linker stubs

.iplt           0x08000a80        0x0
 .iplt          0x08000a80        0x0 c:/program files (x86)/embitz/1.11/share/em_armgcc/bin/../lib/gcc/arm-none-eabi/5.4.1/armv6-m/crtbegin.o

.ARM.extab
 *(.ARM.extab* .gnu.linkonce.armextab.*)
                0x08000a80                __exidx_start = .

.ARM.exidx      0x08000a80        0x8
 *(.ARM.exidx* .gnu.linkonce.armexidx.*)
 .ARM.exidx     0x08000a80        0x8 c:/program files (x86)/embitz/1.11/share/em_armgcc/bin/../lib/gcc/arm-none-eabi/5.4.1/../../../../arm-none-eabi/lib/armv6-m/crt0.o
                0x08000a88                __exidx_end = .
                0x08000a88                __etext = .

.rel.dyn        0x08000a88        0x0
 .rel.iplt      0x08000a88        0x0 c:/program files (x86)/embitz/1.11/share/em_armgcc/bin/../lib/gcc/arm-none-eabi/5.4.1/armv6-m/crtbegin.o

.data           0x20000000       0x68 load address 0x08000a88
                0x20000000                __data_start__ = .
 *(vtable)
 *(.data*)
 .data.impure_data
                0x20000000       0x60 c:/program files (x86)/embitz/1.11/share/em_armgcc/bin/../lib/gcc/arm-none-eabi/5.4.1/../../../../arm-none-eabi/lib/armv6-m\libg_n.a(lib_a-impure.o)
                0x20000060                . = ALIGN (0x4)
                0x20000060                PROVIDE (__preinit_array_start, .)
 *(.preinit_array)
                0x20000060                PROVIDE (__preinit_array_end, .)
                0x20000060                . = ALIGN (0x4)
                0x20000060                PROVIDE (__init_array_start, .)
 *(SORT(.init_array.*))
 *(.init_array)
 .init_array    0x20000060        0x4 c:/program files (x86)/embitz/1.11/share/em_armgcc/bin/../lib/gcc/arm-none-eabi/5.4.1/armv6-m/crtbegin.o
                0x20000064                PROVIDE (__init_array_end, .)
                0x20000064                . = ALIGN (0x4)
                [!provide]                PROVIDE (__fini_array_start, .)
 *(SORT(.fini_array.*))
 *(.fini_array)
 .fini_array    0x20000064        0x4 c:/program files (x86)/embitz/1.11/share/em_armgcc/bin/../lib/gcc/arm-none-eabi/5.4.1/armv6-m/crtbegin.o
                [!provide]                PROVIDE (__fini_array_end, .)
                0x20000068                . = ALIGN (0x4)
                0x20000068                __data_end__ = .

.jcr            0x20000068        0x0 load address 0x08000af0
 .jcr           0x20000068        0x0 c:/program files (x86)/embitz/1.11/share/em_armgcc/bin/../lib/gcc/arm-none-eabi/5.4.1/armv6-m/crtbegin.o

.igot.plt       0x20000068        0x0 load address 0x08000af0
 .igot.plt      0x20000068        0x0 c:/program files (x86)/embitz/1.11/share/em_armgcc/bin/../lib/gcc/arm-none-eabi/5.4.1/armv6-m/crtbegin.o

.bss            0x20000068       0x1c load address 0x08000af0
                0x20000068                __bss_start__ = .
 *(.bss*)
 .bss           0x20000068       0x1c c:/program files (x86)/embitz/1.11/share/em_armgcc/bin/../lib/gcc/arm-none-eabi/5.4.1/armv6-m/crtbegin.o
 *(COMMON)
                0x20000084                __bss_end__ = .

.heap           0x20000088        0x0
                0x20000088                __end__ = .
                0x20000088                end = __end__
 *(.heap*)
 .heap          0x20000088        0x0 obj\debug\src\startup_stm32f0xx.o
                0x20000088                __HeapLimit = .

.stack_dummy    0x20000088      0x100
 *(.stack)
 .stack         0x20000088      0x100 obj\debug\src\startup_stm32f0xx.o
                0x20001000                __StackTop = (ORIGIN (RAM) + LENGTH (RAM))
                0x20000f00                __StackLimit = (__StackTop - SIZEOF (.stack_dummy))
                0x20001000                PROVIDE (__stack, __StackTop)
                0x00000001                ASSERT ((__StackLimit >= __HeapLimit), region RAM overflowed with stack)
LOAD obj\debug\spl\src\stm32f0xx_adc.o
LOAD obj\debug\spl\src\stm32f0xx_can.o
LOAD obj\debug\spl\src\stm32f0xx_cec.o
LOAD obj\debug\spl\src\stm32f0xx_comp.o
LOAD obj\debug\spl\src\stm32f0xx_crc.o
LOAD obj\debug\spl\src\stm32f0xx_crs.o
LOAD obj\debug\spl\src\stm32f0xx_dac.o
LOAD obj\debug\spl\src\stm32f0xx_dbgmcu.o
LOAD obj\debug\spl\src\stm32f0xx_dma.o
LOAD obj\debug\spl\src\stm32f0xx_exti.o
LOAD obj\debug\spl\src\stm32f0xx_flash.o
LOAD obj\debug\spl\src\stm32f0xx_gpio.o
LOAD obj\debug\spl\src\stm32f0xx_i2c.o
LOAD obj\debug\spl\src\stm32f0xx_iwdg.o
LOAD obj\debug\spl\src\stm32f0xx_misc.o
LOAD obj\debug\spl\src\stm32f0xx_pwr.o
LOAD obj\debug\spl\src\stm32f0xx_rcc.o
LOAD obj\debug\spl\src\stm32f0xx_rtc.o
LOAD obj\debug\spl\src\stm32f0xx_spi.o
LOAD obj\debug\spl\src\stm32f0xx_syscfg.o
LOAD obj\debug\spl\src\stm32f0xx_tim.o
LOAD obj\debug\spl\src\stm32f0xx_usart.o
LOAD obj\debug\spl\src\stm32f0xx_wwdg.o
LOAD obj\debug\src\main.o
LOAD obj\debug\src\startup_stm32f0xx.o
LOAD obj\debug\src\system_stm32f0xx.o
START GROUP
LOAD c:/program files (x86)/embitz/1.11/share/em_armgcc/bin/../lib/gcc/arm-none-eabi/5.4.1/armv6-m\libgcc.a
LOAD c:/program files (x86)/embitz/1.11/share/em_armgcc/bin/../lib/gcc/arm-none-eabi/5.4.1/../../../../arm-none-eabi/lib/armv6-m\libg_n.a
LOAD c:/program files (x86)/embitz/1.11/share/em_armgcc/bin/../lib/gcc/arm-none-eabi/5.4.1/../../../../arm-none-eabi/lib/armv6-m\libc_n.a
END GROUP
START GROUP
LOAD c:/program files (x86)/embitz/1.11/share/em_armgcc/bin/../lib/gcc/arm-none-eabi/5.4.1/armv6-m\libgcc.a
LOAD c:/program files (x86)/embitz/1.11/share/em_armgcc/bin/../lib/gcc/arm-none-eabi/5.4.1/../../../../arm-none-eabi/lib/armv6-m\libc_n.a
LOAD c:/program files (x86)/embitz/1.11/share/em_armgcc/bin/../lib/gcc/arm-none-eabi/5.4.1/../../../../arm-none-eabi/lib/armv6-m\libnosys_s.a
END GROUP
LOAD c:/program files (x86)/embitz/1.11/share/em_armgcc/bin/../lib/gcc/arm-none-eabi/5.4.1/armv6-m/crtend.o
LOAD c:/program files (x86)/embitz/1.11/share/em_armgcc/bin/../lib/gcc/arm-none-eabi/5.4.1/armv6-m/crtn.o
OUTPUT(bin\Debug\SPI_Hard.elf elf32-littlearm)

.ARM.attributes
                0x00000000       0x28
 .ARM.attributes
                0x00000000       0x1e c:/program files (x86)/embitz/1.11/share/em_armgcc/bin/../lib/gcc/arm-none-eabi/5.4.1/armv6-m/crti.o
 .ARM.attributes
                0x0000001e       0x2c c:/program files (x86)/embitz/1.11/share/em_armgcc/bin/../lib/gcc/arm-none-eabi/5.4.1/armv6-m/crtbegin.o
 .ARM.attributes
                0x0000004a       0x1b c:/program files (x86)/embitz/1.11/share/em_armgcc/bin/../lib/gcc/arm-none-eabi/5.4.1/../../../../arm-none-eabi/lib/armv6-m/crt0.o
 .ARM.attributes
                0x00000065       0x31 obj\debug\spl\src\stm32f0xx_gpio.o
 .ARM.attributes
                0x00000096       0x31 obj\debug\spl\src\stm32f0xx_rcc.o
 .ARM.attributes
                0x000000c7       0x31 obj\debug\spl\src\stm32f0xx_spi.o
 .ARM.attributes
                0x000000f8       0x31 obj\debug\src\main.o
 .ARM.attributes
                0x00000129       0x1b obj\debug\src\startup_stm32f0xx.o
 .ARM.attributes
                0x00000144       0x31 obj\debug\src\system_stm32f0xx.o
 .ARM.attributes
                0x00000175       0x2c c:/program files (x86)/embitz/1.11/share/em_armgcc/bin/../lib/gcc/arm-none-eabi/5.4.1/../../../../arm-none-eabi/lib/armv6-m\libg_n.a(lib_a-exit.o)
 .ARM.attributes
                0x000001a1       0x2c c:/program files (x86)/embitz/1.11/share/em_armgcc/bin/../lib/gcc/arm-none-eabi/5.4.1/../../../../arm-none-eabi/lib/armv6-m\libg_n.a(lib_a-impure.o)
 .ARM.attributes
                0x000001cd       0x2c c:/program files (x86)/embitz/1.11/share/em_armgcc/bin/../lib/gcc/arm-none-eabi/5.4.1/../../../../arm-none-eabi/lib/armv6-m\libg_n.a(lib_a-init.o)
 .ARM.attributes
                0x000001f9       0x2c c:/program files (x86)/embitz/1.11/share/em_armgcc/bin/../lib/gcc/arm-none-eabi/5.4.1/../../../../arm-none-eabi/lib/armv6-m\libg_n.a(lib_a-memset.o)
 .ARM.attributes
                0x00000225       0x2c c:/program files (x86)/embitz/1.11/share/em_armgcc/bin/../lib/gcc/arm-none-eabi/5.4.1/../../../../arm-none-eabi/lib/armv6-m\libnosys_s.a(_exit.o)
 .ARM.attributes
                0x00000251       0x2c c:/program files (x86)/embitz/1.11/share/em_armgcc/bin/../lib/gcc/arm-none-eabi/5.4.1/armv6-m/crtend.o
 .ARM.attributes
                0x0000027d       0x1e c:/program files (x86)/embitz/1.11/share/em_armgcc/bin/../lib/gcc/arm-none-eabi/5.4.1/armv6-m/crtn.o

.comment        0x00000000       0x6e
 .comment       0x00000000       0x6e obj\debug\spl\src\stm32f0xx_gpio.o
                                 0x6f (size before relaxing)
 .comment       0x0000006e       0x6f obj\debug\spl\src\stm32f0xx_rcc.o
 .comment       0x0000006e       0x6f obj\debug\spl\src\stm32f0xx_spi.o
 .comment       0x0000006e       0x6f obj\debug\src\main.o
 .comment       0x0000006e       0x6f obj\debug\src\system_stm32f0xx.o

.debug_info     0x00000000     0x22ea
 .debug_info    0x00000000      0x5ef obj\debug\spl\src\stm32f0xx_gpio.o
 .debug_info    0x000005ef      0xa3a obj\debug\spl\src\stm32f0xx_rcc.o
 .debug_info    0x00001029      0xab7 obj\debug\spl\src\stm32f0xx_spi.o
 .debug_info    0x00001ae0      0x4b9 obj\debug\src\main.o
 .debug_info    0x00001f99       0x4c obj\debug\src\startup_stm32f0xx.o
 .debug_info    0x00001fe5      0x305 obj\debug\src\system_stm32f0xx.o

.debug_abbrev   0x00000000      0x7b7
 .debug_abbrev  0x00000000      0x1a4 obj\debug\spl\src\stm32f0xx_gpio.o
 .debug_abbrev  0x000001a4      0x1f3 obj\debug\spl\src\stm32f0xx_rcc.o
 .debug_abbrev  0x00000397      0x1a8 obj\debug\spl\src\stm32f0xx_spi.o
 .debug_abbrev  0x0000053f      0x129 obj\debug\src\main.o
 .debug_abbrev  0x00000668       0x14 obj\debug\src\startup_stm32f0xx.o
 .debug_abbrev  0x0000067c      0x13b obj\debug\src\system_stm32f0xx.o

.debug_aranges  0x00000000      0x370
 .debug_aranges
                0x00000000       0x80 obj\debug\spl\src\stm32f0xx_gpio.o
 .debug_aranges
                0x00000080      0x160 obj\debug\spl\src\stm32f0xx_rcc.o
 .debug_aranges
                0x000001e0      0x110 obj\debug\spl\src\stm32f0xx_spi.o
 .debug_aranges
                0x000002f0       0x30 obj\debug\src\main.o
 .debug_aranges
                0x00000320       0x20 obj\debug\src\startup_stm32f0xx.o
 .debug_aranges
                0x00000340       0x30 obj\debug\src\system_stm32f0xx.o

.debug_ranges   0x00000000      0x300
 .debug_ranges  0x00000000       0x70 obj\debug\spl\src\stm32f0xx_gpio.o
 .debug_ranges  0x00000070      0x150 obj\debug\spl\src\stm32f0xx_rcc.o
 .debug_ranges  0x000001c0      0x100 obj\debug\spl\src\stm32f0xx_spi.o
 .debug_ranges  0x000002c0       0x20 obj\debug\src\main.o
 .debug_ranges  0x000002e0       0x20 obj\debug\src\system_stm32f0xx.o

.debug_macro    0x00000000     0x1205
 .debug_macro   0x00000000      0x193 obj\debug\spl\src\stm32f0xx_gpio.o
 .debug_macro   0x00000193      0x17f obj\debug\spl\src\stm32f0xx_gpio.o
 .debug_macro   0x00000312      0x1b1 obj\debug\spl\src\stm32f0xx_rcc.o
 .debug_macro   0x000004c3      0x4dd obj\debug\spl\src\stm32f0xx_rcc.o
 .debug_macro   0x000009a0      0x1ab obj\debug\spl\src\stm32f0xx_spi.o
 .debug_macro   0x00000b4b      0x390 obj\debug\spl\src\stm32f0xx_spi.o
 .debug_macro   0x00000edb      0x1a1 obj\debug\src\main.o
 .debug_macro   0x0000107c      0x189 obj\debug\src\system_stm32f0xx.o

.debug_line     0x00000000     0x1e18
 .debug_line    0x00000000      0x57d obj\debug\spl\src\stm32f0xx_gpio.o
 .debug_line    0x0000057d      0x7d1 obj\debug\spl\src\stm32f0xx_rcc.o
 .debug_line    0x00000d4e      0x6f4 obj\debug\spl\src\stm32f0xx_spi.o
 .debug_line    0x00001442      0x476 obj\debug\src\main.o
 .debug_line    0x000018b8       0x99 obj\debug\src\startup_stm32f0xx.o
 .debug_line    0x00001951      0x4c7 obj\debug\src\system_stm32f0xx.o

.debug_str      0x00000000    0x40128
 .debug_str     0x00000000    0x3f4bb obj\debug\spl\src\stm32f0xx_gpio.o
                              0x3f669 (size before relaxing)
 .debug_str     0x0003f4bb      0x659 obj\debug\spl\src\stm32f0xx_rcc.o
                              0x3fa15 (size before relaxing)
 .debug_str     0x0003fb14      0x500 obj\debug\spl\src\stm32f0xx_spi.o
                              0x3f98c (size before relaxing)
 .debug_str     0x00040014       0x9c obj\debug\src\main.o
                              0x3f687 (size before relaxing)
 .debug_str     0x000400b0       0x78 obj\debug\src\system_stm32f0xx.o
                              0x3f470 (size before relaxing)

.debug_frame    0x00000000      0xc30
 .debug_frame   0x00000000      0x1b0 obj\debug\spl\src\stm32f0xx_gpio.o
 .debug_frame   0x000001b0      0x524 obj\debug\spl\src\stm32f0xx_rcc.o
 .debug_frame   0x000006d4      0x3f0 obj\debug\spl\src\stm32f0xx_spi.o
 .debug_frame   0x00000ac4       0x6c obj\debug\src\main.o
 .debug_frame   0x00000b30       0x6c obj\debug\src\system_stm32f0xx.o
 .debug_frame   0x00000b9c       0x28 c:/program files (x86)/embitz/1.11/share/em_armgcc/bin/../lib/gcc/arm-none-eabi/5.4.1/../../../../arm-none-eabi/lib/armv6-m\libg_n.a(lib_a-exit.o)
 .debug_frame   0x00000bc4       0x2c c:/program files (x86)/embitz/1.11/share/em_armgcc/bin/../lib/gcc/arm-none-eabi/5.4.1/../../../../arm-none-eabi/lib/armv6-m\libg_n.a(lib_a-init.o)
 .debug_frame   0x00000bf0       0x20 c:/program files (x86)/embitz/1.11/share/em_armgcc/bin/../lib/gcc/arm-none-eabi/5.4.1/../../../../arm-none-eabi/lib/armv6-m\libg_n.a(lib_a-memset.o)
 .debug_frame   0x00000c10       0x20 c:/program files (x86)/embitz/1.11/share/em_armgcc/bin/../lib/gcc/arm-none-eabi/5.4.1/../../../../arm-none-eabi/lib/armv6-m\libnosys_s.a(_exit.o)
